// Jest Snapshot v1, https://goo.gl/fbAQLP

exports[`ResultsFor component Snapshot 1`] = `
.emotion-6 {
  display: -webkit-box;
  display: -webkit-flex;
  display: -ms-flexbox;
  display: flex;
  -webkit-align-items: center;
  -webkit-box-align: center;
  -ms-flex-align: center;
  align-items: center;
  margin: 1rem 0;
}

.emotion-6 .emotion-1 {
  margin-right: .5rem;
}

.emotion-0 {
  color: #002442;
  font-size: 1.4rem;
  margin: 0;
}

.emotion-2 {
  color: #002442;
  font-size: 1.6rem;
  margin: 0;
  font-weight: 700;
}

.emotion-4 {
  font-family: 'icofont' !important;
  speak: none;
  font-style: normal;
  font-weight: 400;
  font-variant: normal;
  text-transform: none;
  line-height: 1;
  -webkit-font-smoothing: antialiased;
  -moz-osx-font-smoothing: grayscale;
  margin-left: 1rem;
  cursor: pointer;
  font-size: 1.8rem;
  color: #002442;
}

.emotion-4:before {
  content: "\\f102";
}

<div
  className="emotion-6 emotion-7"
  data-test="ResultsForView"
>
  <p
    className="emotion-0 emotion-1"
  >
    resultsFor
  </p>
  <h3
    className="emotion-2 emotion-3"
  />
  <span
    className="emotion-4 emotion-5"
  />
</div>
`;
