// Jest Snapshot v1, https://goo.gl/fbAQLP

exports[`SearchForm component Snapshot 1`] = `
.emotion-6 {
  padding: 3rem 2rem;
  background-color: #ffffff;
  border-radius: .2rem;
  box-shadow: 0 2px 6px 0 rgba(0,0,0,0.12);
}

.emotion-6 .emotion-5 {
  margin-top: 1rem;
}

.emotion-0 {
  display: block;
  text-transform: uppercase;
  cursor: pointer;
  margin: 0 0 .6rem 0;
  font-size: 1.2rem;
  color: #757575;
}

.emotion-2 {
  width: 100%;
  height: 3rem;
  padding: .5rem 1rem;
  background: #ffffff;
  font-size: 1.4rem;
  border: 1px solid #f5f5f5;
  border-radius: .2rem;
  color: #002442;
  text-overflow: ellipsis;
  -webkit-transition: .1s;
  transition: .1s;
}

.emotion-2:focus {
  outline: none;
  border-color: #002442;
}

.emotion-2::-webkit-input-placeholder {
  color: #757575;
  font-style: italic;
}

.emotion-2::-moz-placeholder {
  color: #757575;
  font-style: italic;
}

.emotion-2:-ms-input-placeholder {
  color: #757575;
  font-style: italic;
}

.emotion-2::placeholder {
  color: #757575;
  font-style: italic;
}

.emotion-4 {
  text-transform: uppercase;
  font-size: 1.4rem;
  border-radius: .2rem;
  cursor: pointer;
  -webkit-user-select: none;
  -moz-user-select: none;
  -ms-user-select: none;
  user-select: none;
  border: none;
  padding: 1rem 2rem;
  -webkit-transition: background-color .1s;
  transition: background-color .1s;
  width: 100%;
  background-color: #66c300;
  color: #ffffff;
}

.emotion-4:focus {
  outline: none;
}

.emotion-4:disabled {
  pointer-events: none;
  background-color: #757575;
}

.emotion-4:hover {
  background-color: #1ba307;
}

<div
  className="emotion-6 emotion-7"
  data-test="SearchFormView"
>
  <form
    onReset={[Function]}
    onSubmit={[Function]}
  >
    <label
      className="emotion-0 emotion-1"
      htmlFor="search"
    >
      form.labels.username
    </label>
    <input
      className="emotion-2 emotion-3"
      id="search"
      onBlur={[Function]}
      onChange={[Function]}
      onKeyUp={[Function]}
      placeholder="form.placeholders.username"
      type="text"
      value=""
    />
    <button
      className="emotion-4 emotion-5"
      data-test="SubmitButtonView"
      disabled={true}
      type="submit"
    >
      buttons.search
    </button>
  </form>
</div>
`;
